
===========================================================================
 report_power
============================================================================
======================= Fastest Corner ===================================

Group                  Internal  Switching    Leakage      Total
                          Power      Power      Power      Power (Watts)
----------------------------------------------------------------
Sequential             0.00e+00   0.00e+00   0.00e+00   0.00e+00   0.0%
Combinational          4.05e-06   9.82e-06   1.82e-10   1.39e-05 100.0%
Clock                 -5.25e-11   0.00e+00   6.55e-09   6.50e-09   0.0%
Macro                  0.00e+00   0.00e+00   0.00e+00   0.00e+00   0.0%
Pad                    0.00e+00   0.00e+00   0.00e+00   0.00e+00   0.0%
----------------------------------------------------------------
Total                  4.05e-06   9.82e-06   6.73e-09   1.39e-05 100.0%
                          29.2%      70.8%       0.0%

======================= Slowest Corner ===================================

Group                  Internal  Switching    Leakage      Total
                          Power      Power      Power      Power (Watts)
----------------------------------------------------------------
Sequential             0.00e+00   0.00e+00   0.00e+00   0.00e+00   0.0%
Combinational          2.96e-06   6.61e-06   1.06e-07   9.67e-06  99.9%
Clock                 -2.15e-11   0.00e+00   6.56e-09   6.53e-09   0.1%
Macro                  0.00e+00   0.00e+00   0.00e+00   0.00e+00   0.0%
Pad                    0.00e+00   0.00e+00   0.00e+00   0.00e+00   0.0%
----------------------------------------------------------------
Total                  2.96e-06   6.61e-06   1.12e-07   9.68e-06 100.0%
                          30.6%      68.3%       1.2%

======================= Typical Corner ===================================

Group                  Internal  Switching    Leakage      Total
                          Power      Power      Power      Power (Watts)
----------------------------------------------------------------
Sequential             0.00e+00   0.00e+00   0.00e+00   0.00e+00   0.0%
Combinational          3.59e-06   8.36e-06   8.04e-11   1.20e-05  99.9%
Clock                  5.18e-12   0.00e+00   6.55e-09   6.56e-09   0.1%
Macro                  0.00e+00   0.00e+00   0.00e+00   0.00e+00   0.0%
Pad                    0.00e+00   0.00e+00   0.00e+00   0.00e+00   0.0%
----------------------------------------------------------------
Total                  3.59e-06   8.36e-06   6.63e-09   1.20e-05 100.0%
                          30.0%      69.9%       0.1%

