
===========================================================================
report_checks -unconstrained
===========================================================================
======================= Fastest Corner ===================================

Startpoint: a (input port clocked by __VIRTUAL_CLK__)
Endpoint: e (output port clocked by __VIRTUAL_CLK__)
Path Group: __VIRTUAL_CLK__
Path Type: max
Corner: Fastest

Fanout     Cap    Slew   Delay    Time   Description
-----------------------------------------------------------------------------
                  0.00    0.00    0.00   clock __VIRTUAL_CLK__ (rise edge)
                          0.00    0.00   clock network delay (ideal)
                          2.00    2.00 ^ input external delay
     1    0.00    0.01    0.01    2.01 ^ a (in)
                                         a (net)
                  0.01    0.00    2.01 ^ input1/A (sky130_fd_sc_hd__buf_2)
     2    0.04    0.14    0.14    2.15 ^ input1/X (sky130_fd_sc_hd__buf_2)
                                         net1 (net)
                  0.14    0.01    2.16 ^ _5_/B (sky130_fd_sc_hd__xor2_4)
     4    0.03    0.21    0.20    2.35 ^ _5_/X (sky130_fd_sc_hd__xor2_4)
                                         net4 (net)
                  0.21    0.00    2.35 ^ _2_/B (sky130_fd_sc_hd__and2_1)
     1    0.00    0.04    0.10    2.46 ^ _2_/X (sky130_fd_sc_hd__and2_1)
                                         _1_ (net)
                  0.04    0.00    2.46 ^ _3_/A (sky130_fd_sc_hd__buf_1)
     2    0.02    0.18    0.16    2.62 ^ _3_/X (sky130_fd_sc_hd__buf_1)
                                         net7 (net)
                  0.18    0.00    2.62 ^ output7/A (sky130_fd_sc_hd__clkbuf_4)
     1    0.03    0.09    0.17    2.79 ^ output7/X (sky130_fd_sc_hd__clkbuf_4)
                                         e (net)
                  0.09    0.00    2.79 ^ e (out)
                                  2.79   data arrival time

                  0.00   10.00   10.00   clock __VIRTUAL_CLK__ (rise edge)
                          0.00   10.00   clock network delay (ideal)
                         -0.25    9.75   clock uncertainty
                          0.00    9.75   clock reconvergence pessimism
                         -2.00    7.75   output external delay
                                  7.75   data required time
-----------------------------------------------------------------------------
                                  7.75   data required time
                                 -2.79   data arrival time
-----------------------------------------------------------------------------
                                  4.96   slack (MET)



======================= Slowest Corner ===================================

Startpoint: a (input port clocked by __VIRTUAL_CLK__)
Endpoint: e (output port clocked by __VIRTUAL_CLK__)
Path Group: __VIRTUAL_CLK__
Path Type: max
Corner: Slowest

Fanout     Cap    Slew   Delay    Time   Description
-----------------------------------------------------------------------------
                  0.00    0.00    0.00   clock __VIRTUAL_CLK__ (rise edge)
                          0.00    0.00   clock network delay (ideal)
                          2.00    2.00 ^ input external delay
     1    0.00    0.03    0.02    2.02 ^ a (in)
                                         a (net)
                  0.03    0.00    2.02 ^ input1/A (sky130_fd_sc_hd__buf_2)
     2    0.04    0.29    0.35    2.37 ^ input1/X (sky130_fd_sc_hd__buf_2)
                                         net1 (net)
                  0.29    0.01    2.38 ^ _5_/B (sky130_fd_sc_hd__xor2_4)
     4    0.03    0.42    0.53    2.90 ^ _5_/X (sky130_fd_sc_hd__xor2_4)
                                         net4 (net)
                  0.42    0.00    2.91 ^ _2_/B (sky130_fd_sc_hd__and2_1)
     1    0.00    0.09    0.37    3.28 ^ _2_/X (sky130_fd_sc_hd__and2_1)
                                         _1_ (net)
                  0.09    0.00    3.28 ^ _3_/A (sky130_fd_sc_hd__buf_1)
     2    0.02    0.38    0.40    3.68 ^ _3_/X (sky130_fd_sc_hd__buf_1)
                                         net7 (net)
                  0.38    0.00    3.68 ^ output7/A (sky130_fd_sc_hd__clkbuf_4)
     1    0.03    0.18    0.49    4.17 ^ output7/X (sky130_fd_sc_hd__clkbuf_4)
                                         e (net)
                  0.18    0.00    4.18 ^ e (out)
                                  4.18   data arrival time

                  0.00   10.00   10.00   clock __VIRTUAL_CLK__ (rise edge)
                          0.00   10.00   clock network delay (ideal)
                         -0.25    9.75   clock uncertainty
                          0.00    9.75   clock reconvergence pessimism
                         -2.00    7.75   output external delay
                                  7.75   data required time
-----------------------------------------------------------------------------
                                  7.75   data required time
                                 -4.18   data arrival time
-----------------------------------------------------------------------------
                                  3.57   slack (MET)



======================= Typical Corner ===================================

Startpoint: a (input port clocked by __VIRTUAL_CLK__)
Endpoint: e (output port clocked by __VIRTUAL_CLK__)
Path Group: __VIRTUAL_CLK__
Path Type: max
Corner: Typical

Fanout     Cap    Slew   Delay    Time   Description
-----------------------------------------------------------------------------
                  0.00    0.00    0.00   clock __VIRTUAL_CLK__ (rise edge)
                          0.00    0.00   clock network delay (ideal)
                          2.00    2.00 ^ input external delay
     1    0.00    0.02    0.01    2.01 ^ a (in)
                                         a (net)
                  0.02    0.00    2.01 ^ input1/A (sky130_fd_sc_hd__buf_2)
     2    0.04    0.18    0.20    2.21 ^ input1/X (sky130_fd_sc_hd__buf_2)
                                         net1 (net)
                  0.18    0.01    2.22 ^ _5_/B (sky130_fd_sc_hd__xor2_4)
     4    0.03    0.27    0.30    2.52 ^ _5_/X (sky130_fd_sc_hd__xor2_4)
                                         net4 (net)
                  0.27    0.00    2.52 ^ _2_/B (sky130_fd_sc_hd__and2_1)
     1    0.00    0.05    0.18    2.70 ^ _2_/X (sky130_fd_sc_hd__and2_1)
                                         _1_ (net)
                  0.05    0.00    2.70 ^ _3_/A (sky130_fd_sc_hd__buf_1)
     2    0.02    0.24    0.23    2.93 ^ _3_/X (sky130_fd_sc_hd__buf_1)
                                         net7 (net)
                  0.24    0.00    2.93 ^ output7/A (sky130_fd_sc_hd__clkbuf_4)
     1    0.03    0.11    0.27    3.20 ^ output7/X (sky130_fd_sc_hd__clkbuf_4)
                                         e (net)
                  0.11    0.00    3.20 ^ e (out)
                                  3.20   data arrival time

                  0.00   10.00   10.00   clock __VIRTUAL_CLK__ (rise edge)
                          0.00   10.00   clock network delay (ideal)
                         -0.25    9.75   clock uncertainty
                          0.00    9.75   clock reconvergence pessimism
                         -2.00    7.75   output external delay
                                  7.75   data required time
-----------------------------------------------------------------------------
                                  7.75   data required time
                                 -3.20   data arrival time
-----------------------------------------------------------------------------
                                  4.55   slack (MET)




===========================================================================
report_checks --slack_max -0.01
============================================================================
======================= Fastest Corner ===================================

No paths found.

======================= Slowest Corner ===================================

No paths found.

======================= Typical Corner ===================================

No paths found.


===========================================================================
 report_check_types -max_slew -max_cap -max_fanout -violators
============================================================================
======================= Fastest Corner ===================================


max slew violations count Fastest: 0
max fanout violations count Fastest: 0
max cap violations count Fastest: 0
======================= Slowest Corner ===================================


max slew violations count Slowest: 0
max fanout violations count Slowest: 0
max cap violations count Slowest: 0
======================= Typical Corner ===================================


max slew violations count Typical: 0
max fanout violations count Typical: 0
max cap violations count Typical: 0

===========================================================================
report_parasitic_annotation -report_unannotated
============================================================================
Found 0 unannotated drivers.
Found 0 partially unannotated drivers.

===========================================================================
max slew violation count 0
max fanout violation count 0
max cap violation count 0
============================================================================

===========================================================================
check_setup -verbose -unconstrained_endpoints -multiple_clock -no_clock -no_input_delay -loops -generated_clocks
===========================================================================
