
===========================================================================
 report_power
============================================================================
======================= Fastest Corner ===================================

Group                  Internal  Switching    Leakage      Total
                          Power      Power      Power      Power (Watts)
----------------------------------------------------------------
Sequential             0.00e+00   0.00e+00   0.00e+00   0.00e+00   0.0%
Combinational          4.04e-06   9.28e-06   1.82e-10   1.33e-05 100.0%
Clock                 -4.72e-11   0.00e+00   6.55e-09   6.51e-09   0.0%
Macro                  0.00e+00   0.00e+00   0.00e+00   0.00e+00   0.0%
Pad                    0.00e+00   0.00e+00   0.00e+00   0.00e+00   0.0%
----------------------------------------------------------------
Total                  4.04e-06   9.28e-06   6.73e-09   1.33e-05 100.0%
                          30.3%      69.6%       0.1%

======================= Slowest Corner ===================================

Group                  Internal  Switching    Leakage      Total
                          Power      Power      Power      Power (Watts)
----------------------------------------------------------------
Sequential             0.00e+00   0.00e+00   0.00e+00   0.00e+00   0.0%
Combinational          2.96e-06   6.24e-06   1.06e-07   9.31e-06  99.9%
Clock                 -1.96e-11   0.00e+00   6.56e-09   6.54e-09   0.1%
Macro                  0.00e+00   0.00e+00   0.00e+00   0.00e+00   0.0%
Pad                    0.00e+00   0.00e+00   0.00e+00   0.00e+00   0.0%
----------------------------------------------------------------
Total                  2.96e-06   6.24e-06   1.12e-07   9.32e-06 100.0%
                          31.8%      67.0%       1.2%

======================= Typical Corner ===================================

Group                  Internal  Switching    Leakage      Total
                          Power      Power      Power      Power (Watts)
----------------------------------------------------------------
Sequential             0.00e+00   0.00e+00   0.00e+00   0.00e+00   0.0%
Combinational          3.59e-06   7.90e-06   8.04e-11   1.15e-05  99.9%
Clock                  1.18e-11   0.00e+00   6.55e-09   6.56e-09   0.1%
Macro                  0.00e+00   0.00e+00   0.00e+00   0.00e+00   0.0%
Pad                    0.00e+00   0.00e+00   0.00e+00   0.00e+00   0.0%
----------------------------------------------------------------
Total                  3.59e-06   7.90e-06   6.63e-09   1.15e-05 100.0%
                          31.2%      68.7%       0.1%

