
===========================================================================
 report_power
============================================================================
======================= Fastest Corner ===================================

Group                  Internal  Switching    Leakage      Total
                          Power      Power      Power      Power (Watts)
----------------------------------------------------------------
Sequential             4.02e-03   2.73e-04   1.04e-08   4.30e-03  47.8%
Combinational          1.81e-03   1.02e-03   2.76e-08   2.83e-03  31.5%
Clock                  8.11e-04   1.06e-03   7.09e-09   1.87e-03  20.8%
Macro                  0.00e+00   0.00e+00   0.00e+00   0.00e+00   0.0%
Pad                    0.00e+00   0.00e+00   0.00e+00   0.00e+00   0.0%
----------------------------------------------------------------
Total                  6.64e-03   2.35e-03   4.52e-08   9.00e-03 100.0%
                          73.8%      26.2%       0.0%

======================= Slowest Corner ===================================

Group                  Internal  Switching    Leakage      Total
                          Power      Power      Power      Power (Watts)
----------------------------------------------------------------
Sequential             2.69e-03   1.72e-04   1.04e-05   2.87e-03  47.3%
Combinational          1.26e-03   6.61e-04   1.87e-05   1.94e-03  31.9%
Clock                  5.92e-04   6.72e-04   8.53e-07   1.26e-03  20.8%
Macro                  0.00e+00   0.00e+00   0.00e+00   0.00e+00   0.0%
Pad                    0.00e+00   0.00e+00   0.00e+00   0.00e+00   0.0%
----------------------------------------------------------------
Total                  4.54e-03   1.50e-03   2.99e-05   6.08e-03 100.0%
                          74.7%      24.8%       0.5%

======================= Typical Corner ===================================

Group                  Internal  Switching    Leakage      Total
                          Power      Power      Power      Power (Watts)
----------------------------------------------------------------
Sequential             3.45e-03   2.25e-04   6.00e-09   3.68e-03  47.6%
Combinational          1.58e-03   8.52e-04   1.28e-08   2.44e-03  31.6%
Clock                  7.15e-04   8.88e-04   5.08e-09   1.60e-03  20.8%
Macro                  0.00e+00   0.00e+00   0.00e+00   0.00e+00   0.0%
Pad                    0.00e+00   0.00e+00   0.00e+00   0.00e+00   0.0%
----------------------------------------------------------------
Total                  5.75e-03   1.96e-03   2.39e-08   7.71e-03 100.0%
                          74.5%      25.5%       0.0%

